app/landing-page.tsx(489,24): error TS7031: Binding element 'icon' implicitly has an 'any' type.
app/landing-page.tsx(489,30): error TS7031: Binding element 'title' implicitly has an 'any' type.
app/landing-page.tsx(489,37): error TS7031: Binding element 'description' implicitly has an 'any' type.
app/landing-page.tsx(504,21): error TS7031: Binding element 'number' implicitly has an 'any' type.
app/landing-page.tsx(504,29): error TS7031: Binding element 'title' implicitly has an 'any' type.
app/landing-page.tsx(504,36): error TS7031: Binding element 'description' implicitly has an 'any' type.
app/landing-page.tsx(504,49): error TS7031: Binding element 'color' implicitly has an 'any' type.
app/landing-page.tsx(513,49): error TS7053: Element implicitly has an 'any' type because expression of type 'any' can't be used to index type '{ purple: string; blue: string; green: string; }'.
app/landing-page.tsx(523,28): error TS7031: Binding element 'quote' implicitly has an 'any' type.
app/landing-page.tsx(523,35): error TS7031: Binding element 'author' implicitly has an 'any' type.
app/landing-page.tsx(523,43): error TS7031: Binding element 'role' implicitly has an 'any' type.
app/landing-page.tsx(523,49): error TS7031: Binding element 'rating' implicitly has an 'any' type.
app/landing-page.tsx(545,21): error TS7031: Binding element 'number' implicitly has an 'any' type.
app/landing-page.tsx(545,29): error TS7031: Binding element 'label' implicitly has an 'any' type.
components/achievement-enhancer.tsx(142,9): error TS2322: Type '"success"' is not assignable to type '"destructive" | "default" | null | undefined'.
components/achievement-enhancer.tsx(171,7): error TS2322: Type '"success"' is not assignable to type '"destructive" | "default" | null | undefined'.
components/achievement-enhancer.tsx(181,9): error TS2322: Type '"success"' is not assignable to type '"destructive" | "default" | null | undefined'.
components/ai-features-enhanced.tsx(155,9): error TS2322: Type '"success"' is not assignable to type '"destructive" | "default" | null | undefined'.
components/ai-features-enhanced.tsx(212,95): error TS2554: Expected 2 arguments, but got 3.
components/ai-features-enhanced.tsx(228,9): error TS2322: Type '"success"' is not assignable to type '"destructive" | "default" | null | undefined'.
components/ai-features-enhanced.tsx(314,9): error TS2322: Type '"success"' is not assignable to type '"destructive" | "default" | null | undefined'.
components/ai-features-enhanced.tsx(352,9): error TS2322: Type '"success"' is not assignable to type '"destructive" | "default" | null | undefined'.
components/ai-features-enhanced.tsx(367,9): error TS2322: Type '"success"' is not assignable to type '"destructive" | "default" | null | undefined'.
components/ai-features-enhanced.tsx(377,7): error TS2322: Type '"success"' is not assignable to type '"destructive" | "default" | null | undefined'.
components/ai-features-enhanced.tsx(416,7): error TS2322: Type '"success"' is not assignable to type '"destructive" | "default" | null | undefined'.
components/ai-features-enhanced.tsx(489,16): error TS2322: Type '"warning"' is not assignable to type '"destructive" | "default" | null | undefined'.
components/ai-features-enhanced.tsx(663,94): error TS2322: Type '{ value: number; className: string; indicatorColor: string; }' is not assignable to type 'IntrinsicAttributes & Omit<ProgressProps & RefAttributes<HTMLDivElement>, "ref"> & RefAttributes<HTMLDivElement>'.
  Property 'indicatorColor' does not exist on type 'IntrinsicAttributes & Omit<ProgressProps & RefAttributes<HTMLDivElement>, "ref"> & RefAttributes<HTMLDivElement>'.
components/ai-features-enhanced.tsx(767,94): error TS2322: Type '{ value: number; className: string; indicatorColor: string; }' is not assignable to type 'IntrinsicAttributes & Omit<ProgressProps & RefAttributes<HTMLDivElement>, "ref"> & RefAttributes<HTMLDivElement>'.
  Property 'indicatorColor' does not exist on type 'IntrinsicAttributes & Omit<ProgressProps & RefAttributes<HTMLDivElement>, "ref"> & RefAttributes<HTMLDivElement>'.
components/ai-features-enhanced.tsx(774,94): error TS2322: Type '{ value: number; className: string; indicatorColor: string; }' is not assignable to type 'IntrinsicAttributes & Omit<ProgressProps & RefAttributes<HTMLDivElement>, "ref"> & RefAttributes<HTMLDivElement>'.
  Property 'indicatorColor' does not exist on type 'IntrinsicAttributes & Omit<ProgressProps & RefAttributes<HTMLDivElement>, "ref"> & RefAttributes<HTMLDivElement>'.
components/ai-features-enhanced.tsx(781,94): error TS2322: Type '{ value: number; className: string; indicatorColor: string; }' is not assignable to type 'IntrinsicAttributes & Omit<ProgressProps & RefAttributes<HTMLDivElement>, "ref"> & RefAttributes<HTMLDivElement>'.
  Property 'indicatorColor' does not exist on type 'IntrinsicAttributes & Omit<ProgressProps & RefAttributes<HTMLDivElement>, "ref"> & RefAttributes<HTMLDivElement>'.
components/ai-features-enhanced.tsx(919,111): error TS2322: Type '{ value: number; className: string; indicatorColor: string; }' is not assignable to type 'IntrinsicAttributes & Omit<ProgressProps & RefAttributes<HTMLDivElement>, "ref"> & RefAttributes<HTMLDivElement>'.
  Property 'indicatorColor' does not exist on type 'IntrinsicAttributes & Omit<ProgressProps & RefAttributes<HTMLDivElement>, "ref"> & RefAttributes<HTMLDivElement>'.
components/ai-features-enhanced.tsx(926,111): error TS2322: Type '{ value: number; className: string; indicatorColor: string; }' is not assignable to type 'IntrinsicAttributes & Omit<ProgressProps & RefAttributes<HTMLDivElement>, "ref"> & RefAttributes<HTMLDivElement>'.
  Property 'indicatorColor' does not exist on type 'IntrinsicAttributes & Omit<ProgressProps & RefAttributes<HTMLDivElement>, "ref"> & RefAttributes<HTMLDivElement>'.
components/ai-features-enhanced.tsx(933,111): error TS2322: Type '{ value: number; className: string; indicatorColor: string; }' is not assignable to type 'IntrinsicAttributes & Omit<ProgressProps & RefAttributes<HTMLDivElement>, "ref"> & RefAttributes<HTMLDivElement>'.
  Property 'indicatorColor' does not exist on type 'IntrinsicAttributes & Omit<ProgressProps & RefAttributes<HTMLDivElement>, "ref"> & RefAttributes<HTMLDivElement>'.
components/ai-features-enhanced.tsx(940,111): error TS2322: Type '{ value: number; className: string; indicatorColor: string; }' is not assignable to type 'IntrinsicAttributes & Omit<ProgressProps & RefAttributes<HTMLDivElement>, "ref"> & RefAttributes<HTMLDivElement>'.
  Property 'indicatorColor' does not exist on type 'IntrinsicAttributes & Omit<ProgressProps & RefAttributes<HTMLDivElement>, "ref"> & RefAttributes<HTMLDivElement>'.
components/ai-features.tsx(97,9): error TS2322: Type '"success"' is not assignable to type '"destructive" | "default" | null | undefined'.
components/ai-features.tsx(188,9): error TS2322: Type '"success"' is not assignable to type '"destructive" | "default" | null | undefined'.
components/ai-features.tsx(232,9): error TS2322: Type '"success"' is not assignable to type '"destructive" | "default" | null | undefined'.
components/ai-features.tsx(257,7): error TS2322: Type '"success"' is not assignable to type '"destructive" | "default" | null | undefined'.
components/ai-features.tsx(578,25): error TS2322: Type '{ value: number; className: string; indicatorClassName: string; }' is not assignable to type 'IntrinsicAttributes & Omit<ProgressProps & RefAttributes<HTMLDivElement>, "ref"> & RefAttributes<HTMLDivElement>'.
  Property 'indicatorClassName' does not exist on type 'IntrinsicAttributes & Omit<ProgressProps & RefAttributes<HTMLDivElement>, "ref"> & RefAttributes<HTMLDivElement>'.
components/ai-features.tsx(593,25): error TS2322: Type '{ value: number; className: string; indicatorClassName: string; }' is not assignable to type 'IntrinsicAttributes & Omit<ProgressProps & RefAttributes<HTMLDivElement>, "ref"> & RefAttributes<HTMLDivElement>'.
  Property 'indicatorClassName' does not exist on type 'IntrinsicAttributes & Omit<ProgressProps & RefAttributes<HTMLDivElement>, "ref"> & RefAttributes<HTMLDivElement>'.
components/ai-features.tsx(608,25): error TS2322: Type '{ value: number; className: string; indicatorClassName: string; }' is not assignable to type 'IntrinsicAttributes & Omit<ProgressProps & RefAttributes<HTMLDivElement>, "ref"> & RefAttributes<HTMLDivElement>'.
  Property 'indicatorClassName' does not exist on type 'IntrinsicAttributes & Omit<ProgressProps & RefAttributes<HTMLDivElement>, "ref"> & RefAttributes<HTMLDivElement>'.
components/ai-features.tsx(678,58): error TS7006: Parameter 'tip' implicitly has an 'any' type.
components/ai-features.tsx(678,63): error TS7006: Parameter 'i' implicitly has an 'any' type.
components/ai-feedback-display.tsx(109,19): error TS2322: Type '{ value: number; className: string; indicatorClassName: string; }' is not assignable to type 'IntrinsicAttributes & Omit<ProgressProps & RefAttributes<HTMLDivElement>, "ref"> & RefAttributes<HTMLDivElement>'.
  Property 'indicatorClassName' does not exist on type 'IntrinsicAttributes & Omit<ProgressProps & RefAttributes<HTMLDivElement>, "ref"> & RefAttributes<HTMLDivElement>'.
components/ats-checker-enhanced.tsx(83,9): error TS2322: Type '"success"' is not assignable to type '"destructive" | "default" | null | undefined'.
components/ats-checker-enhanced.tsx(252,19): error TS2322: Type '{ value: number; className: string; indicatorClassName: string; }' is not assignable to type 'IntrinsicAttributes & Omit<ProgressProps & RefAttributes<HTMLDivElement>, "ref"> & RefAttributes<HTMLDivElement>'.
  Property 'indicatorClassName' does not exist on type 'IntrinsicAttributes & Omit<ProgressProps & RefAttributes<HTMLDivElement>, "ref"> & RefAttributes<HTMLDivElement>'.
components/ats-checker.tsx(71,53): error TS2322: Type '{ value: number; className: string; indicatorClassName: string; }' is not assignable to type 'IntrinsicAttributes & Omit<ProgressProps & RefAttributes<HTMLDivElement>, "ref"> & RefAttributes<HTMLDivElement>'.
  Property 'indicatorClassName' does not exist on type 'IntrinsicAttributes & Omit<ProgressProps & RefAttributes<HTMLDivElement>, "ref"> & RefAttributes<HTMLDivElement>'.
components/customization-panel.tsx(43,7): error TS2322: Type '"success"' is not assignable to type '"destructive" | "default" | null | undefined'.
components/customization-panel.tsx(223,38): error TS2339: Property 'layout' does not exist on type '{ primaryColor: string; secondaryColor: string; fontFamily: string; fontSize: string; spacing: string; showBulletPoints: boolean; sectionOrder: string[]; }'.
components/customization-panel.tsx(254,38): error TS2339: Property 'headerStyle' does not exist on type '{ primaryColor: string; secondaryColor: string; fontFamily: string; fontSize: string; spacing: string; showBulletPoints: boolean; sectionOrder: string[]; }'.
components/customization-panel.tsx(285,38): error TS2339: Property 'sectionStyle' does not exist on type '{ primaryColor: string; secondaryColor: string; fontFamily: string; fontSize: string; spacing: string; showBulletPoints: boolean; sectionOrder: string[]; }'.
components/detailed-resume-analytics.tsx(102,9): error TS2322: Type '"success"' is not assignable to type '"destructive" | "default" | null | undefined'.
components/detailed-resume-analytics.tsx(442,25): error TS2322: Type '{ value: number; className: string; indicatorClassName: string; }' is not assignable to type 'IntrinsicAttributes & Omit<ProgressProps & RefAttributes<HTMLDivElement>, "ref"> & RefAttributes<HTMLDivElement>'.
  Property 'indicatorClassName' does not exist on type 'IntrinsicAttributes & Omit<ProgressProps & RefAttributes<HTMLDivElement>, "ref"> & RefAttributes<HTMLDivElement>'.
components/detailed-resume-analytics.tsx(453,25): error TS2322: Type '{ value: number; className: string; indicatorClassName: string; }' is not assignable to type 'IntrinsicAttributes & Omit<ProgressProps & RefAttributes<HTMLDivElement>, "ref"> & RefAttributes<HTMLDivElement>'.
  Property 'indicatorClassName' does not exist on type 'IntrinsicAttributes & Omit<ProgressProps & RefAttributes<HTMLDivElement>, "ref"> & RefAttributes<HTMLDivElement>'.
components/detailed-resume-analytics.tsx(464,25): error TS2322: Type '{ value: number; className: string; indicatorClassName: string; }' is not assignable to type 'IntrinsicAttributes & Omit<ProgressProps & RefAttributes<HTMLDivElement>, "ref"> & RefAttributes<HTMLDivElement>'.
  Property 'indicatorClassName' does not exist on type 'IntrinsicAttributes & Omit<ProgressProps & RefAttributes<HTMLDivElement>, "ref"> & RefAttributes<HTMLDivElement>'.
components/detailed-resume-analytics.tsx(477,25): error TS2322: Type '{ value: number; className: string; indicatorClassName: string; }' is not assignable to type 'IntrinsicAttributes & Omit<ProgressProps & RefAttributes<HTMLDivElement>, "ref"> & RefAttributes<HTMLDivElement>'.
  Property 'indicatorClassName' does not exist on type 'IntrinsicAttributes & Omit<ProgressProps & RefAttributes<HTMLDivElement>, "ref"> & RefAttributes<HTMLDivElement>'.
components/detailed-resume-analytics.tsx(678,65): error TS2322: Type '{ value: number; className: string; indicatorClassName: string; }' is not assignable to type 'IntrinsicAttributes & Omit<ProgressProps & RefAttributes<HTMLDivElement>, "ref"> & RefAttributes<HTMLDivElement>'.
  Property 'indicatorClassName' does not exist on type 'IntrinsicAttributes & Omit<ProgressProps & RefAttributes<HTMLDivElement>, "ref"> & RefAttributes<HTMLDivElement>'.
components/enhanced-ats-checker.tsx(194,9): error TS2322: Type '"success"' is not assignable to type '"destructive" | "default" | null | undefined'.
components/enhanced-ats-checker.tsx(672,31): error TS2322: Type '"destructive" | "default" | "warning"' is not assignable to type '"destructive" | "default" | null | undefined'.
  Type '"warning"' is not assignable to type '"destructive" | "default" | null | undefined'.
components/enhanced-ats-checker.tsx(852,18): error TS2322: Type '"secondary"' is not assignable to type '"destructive" | "default" | null | undefined'.
components/landing-page.tsx(64,7): error TS18047: 'resumeText' is possibly 'null'.
components/resume-analyzer.tsx(91,13): error TS2322: Type '{ value: number; className: string; indicatorClassName: string; }' is not assignable to type 'IntrinsicAttributes & Omit<ProgressProps & RefAttributes<HTMLDivElement>, "ref"> & RefAttributes<HTMLDivElement>'.
  Property 'indicatorClassName' does not exist on type 'IntrinsicAttributes & Omit<ProgressProps & RefAttributes<HTMLDivElement>, "ref"> & RefAttributes<HTMLDivElement>'.
components/resume-analyzer.tsx(107,15): error TS2322: Type '{ value: number; className: string; indicatorClassName: string; }' is not assignable to type 'IntrinsicAttributes & Omit<ProgressProps & RefAttributes<HTMLDivElement>, "ref"> & RefAttributes<HTMLDivElement>'.
  Property 'indicatorClassName' does not exist on type 'IntrinsicAttributes & Omit<ProgressProps & RefAttributes<HTMLDivElement>, "ref"> & RefAttributes<HTMLDivElement>'.
components/resume-analyzer.tsx(120,15): error TS2322: Type '{ value: number; className: string; indicatorClassName: string; }' is not assignable to type 'IntrinsicAttributes & Omit<ProgressProps & RefAttributes<HTMLDivElement>, "ref"> & RefAttributes<HTMLDivElement>'.
  Property 'indicatorClassName' does not exist on type 'IntrinsicAttributes & Omit<ProgressProps & RefAttributes<HTMLDivElement>, "ref"> & RefAttributes<HTMLDivElement>'.
components/resume-analyzer.tsx(133,15): error TS2322: Type '{ value: number; className: string; indicatorClassName: string; }' is not assignable to type 'IntrinsicAttributes & Omit<ProgressProps & RefAttributes<HTMLDivElement>, "ref"> & RefAttributes<HTMLDivElement>'.
  Property 'indicatorClassName' does not exist on type 'IntrinsicAttributes & Omit<ProgressProps & RefAttributes<HTMLDivElement>, "ref"> & RefAttributes<HTMLDivElement>'.
components/resume-analyzer.tsx(148,57): error TS2322: Type '{ value: number; className: string; indicatorClassName: string; }' is not assignable to type 'IntrinsicAttributes & Omit<ProgressProps & RefAttributes<HTMLDivElement>, "ref"> & RefAttributes<HTMLDivElement>'.
  Property 'indicatorClassName' does not exist on type 'IntrinsicAttributes & Omit<ProgressProps & RefAttributes<HTMLDivElement>, "ref"> & RefAttributes<HTMLDivElement>'.
components/resume-builder.tsx(182,62): error TS2304: Cannot find name 'exp'.
components/resume-builder.tsx(182,84): error TS7006: Parameter 'a' implicitly has an 'any' type.
components/resume-builder.tsx(199,9): error TS2322: Type '"success"' is not assignable to type '"destructive" | "default" | null | undefined'.
components/resume-builder.tsx(437,23): error TS2322: Type '{ sectionOrder: string[]; primaryColor?: string | undefined; secondaryColor?: string | undefined; fontFamily?: string | undefined; fontSize?: string | undefined; spacing?: string | undefined; showBulletPoints?: boolean | undefined; layout?: string; headerStyle?: string; sectionStyle?: string; }' is not assignable to type 'ResumeCustomization'.
  Types of property 'primaryColor' are incompatible.
    Type 'string | undefined' is not assignable to type 'string'.
      Type 'undefined' is not assignable to type 'string'.
components/resume-data-editor.tsx(55,7): error TS2322: Type '"success"' is not assignable to type '"destructive" | "default" | null | undefined'.
components/resume-data-editor.tsx(102,7): error TS2322: Type '"success"' is not assignable to type '"destructive" | "default" | null | undefined'.
components/resume-upload-ai.tsx(95,9): error TS2322: Type '"success"' is not assignable to type '"destructive" | "default" | null | undefined'.
hooks/use-resume-builder.ts(146,13): error TS2322: Type '"success"' is not assignable to type '"destructive" | "default" | null | undefined'.
hooks/use-resume-builder.ts(199,9): error TS2322: Type '"success"' is not assignable to type '"destructive" | "default" | null | undefined'.
lib/ai-services/achievement-enhancer-service.ts(45,7): error TS2353: Object literal may only specify known properties, and 'maxOutputTokens' does not exist in type 'GenerationOptions'.
lib/pdf-parser.ts(22,40): error TS7016: Could not find a declaration file for module 'pdfjs-dist/build/pdf.worker.mjs'. 'C:/Users/hp/Desktop/Projects/Resume Builder 2025/AI-Resume-Builder/node_modules/pdfjs-dist/build/pdf.worker.mjs' implicitly has an 'any' type.
  If the 'pdfjs-dist' package actually exposes this module, try adding a new declaration (.d.ts) file containing `declare module 'pdfjs-dist/build/pdf.worker.mjs';`
lib/pdf-parser.ts(28,9): error TS2353: Object literal may only specify known properties, and 'nativeImageDecoderSupport' does not exist in type 'URL | ArrayBuffer | TypedArray | DocumentInitParameters'.
lib/pdf-parser.ts(47,11): error TS2353: Object literal may only specify known properties, and 'normalizeWhitespace' does not exist in type 'getTextContentParameters'.
lib/pdf-parser.ts(90,39): error TS7016: Could not find a declaration file for module 'pdf-parse'. 'C:/Users/hp/Desktop/Projects/Resume Builder 2025/AI-Resume-Builder/node_modules/pdf-parse/index.js' implicitly has an 'any' type.
  Try `npm i --save-dev @types/pdf-parse` if it exists or add a new declaration (.d.ts) file containing `declare module 'pdf-parse';`
lib/pdf-parser.ts(540,108): error TS1501: This regular expression flag is only available when targeting 'es2018' or later.
lib/resume-scoring/score-calculator.ts(87,5): error TS2353: Object literal may only specify known properties, and 'embeddingMatchScore' does not exist in type 'ResumeScoreResult'.
lib/templates-enhanced.ts(9,5): error TS2353: Object literal may only specify known properties, and 'previewUrl' does not exist in type 'Template'.
lib/templates-enhanced.ts(19,5): error TS2353: Object literal may only specify known properties, and 'previewUrl' does not exist in type 'Template'.
lib/templates-enhanced.ts(29,5): error TS2353: Object literal may only specify known properties, and 'previewUrl' does not exist in type 'Template'.
lib/templates-enhanced.ts(39,5): error TS2353: Object literal may only specify known properties, and 'previewUrl' does not exist in type 'Template'.
lib/templates-enhanced.ts(49,5): error TS2353: Object literal may only specify known properties, and 'previewUrl' does not exist in type 'Template'.
lib/templates-enhanced.ts(59,5): error TS2353: Object literal may only specify known properties, and 'previewUrl' does not exist in type 'Template'.
lib/templates-enhanced.ts(69,5): error TS2353: Object literal may only specify known properties, and 'previewUrl' does not exist in type 'Template'.
lib/templates-enhanced.ts(79,5): error TS2353: Object literal may only specify known properties, and 'previewUrl' does not exist in type 'Template'.
lib/templates-enhanced.ts(89,5): error TS2353: Object literal may only specify known properties, and 'previewUrl' does not exist in type 'Template'.
lib/templates-enhanced.ts(99,5): error TS2353: Object literal may only specify known properties, and 'previewUrl' does not exist in type 'Template'.
lib/templates-enhanced.ts(109,5): error TS2353: Object literal may only specify known properties, and 'previewUrl' does not exist in type 'Template'.
lib/templates-enhanced.ts(119,5): error TS2353: Object literal may only specify known properties, and 'previewUrl' does not exist in type 'Template'.
lib/templates-enhanced.ts(131,5): error TS2353: Object literal may only specify known properties, and 'accentColor' does not exist in type 'ThemeOption'.
lib/templates-enhanced.ts(143,5): error TS2353: Object literal may only specify known properties, and 'accentColor' does not exist in type 'ThemeOption'.
lib/templates-enhanced.ts(158,5): error TS2353: Object literal may only specify known properties, and 'weights' does not exist in type 'FontOption'.
lib/templates-enhanced.ts(164,5): error TS2353: Object literal may only specify known properties, and 'weights' does not exist in type 'FontOption'.
lib/templates-enhanced.ts(171,50): error TS2353: Object literal may only specify known properties, and 'css' does not exist in type 'SpacingOption'.
lib/templates-enhanced.ts(172,40): error TS2353: Object literal may only specify known properties, and 'css' does not exist in type 'SpacingOption'.
lib/templates-enhanced.ts(173,38): error TS2353: Object literal may only specify known properties, and 'css' does not exist in type 'SpacingOption'.
lib/templates-enhanced.ts(174,40): error TS2353: Object literal may only specify known properties, and 'css' does not exist in type 'SpacingOption'.
lib/templates-enhanced.ts(175,42): error TS2353: Object literal may only specify known properties, and 'css' does not exist in type 'SpacingOption'.
lib/templates-enhanced.ts(176,52): error TS2353: Object literal may only specify known properties, and 'css' does not exist in type 'SpacingOption'.
lib/templates-enhanced.ts(180,39): error TS2353: Object literal may only specify known properties, and 'css' does not exist in type 'FontSizeOption'.
lib/templates-enhanced.ts(181,36): error TS2353: Object literal may only specify known properties, and 'css' does not exist in type 'FontSizeOption'.
lib/templates-enhanced.ts(182,38): error TS2353: Object literal may only specify known properties, and 'css' does not exist in type 'FontSizeOption'.
lib/templates-enhanced.ts(183,36): error TS2353: Object literal may only specify known properties, and 'css' does not exist in type 'FontSizeOption'.
lib/templates-enhanced.ts(184,39): error TS2353: Object literal may only specify known properties, and 'css' does not exist in type 'FontSizeOption'.
lib/templates.ts(71,5): error TS2353: Object literal may only specify known properties, and 'thumbnail' does not exist in type 'ThemeOption'.
lib/templates.ts(77,5): error TS2353: Object literal may only specify known properties, and 'thumbnail' does not exist in type 'ThemeOption'.
lib/templates.ts(83,5): error TS2353: Object literal may only specify known properties, and 'thumbnail' does not exist in type 'ThemeOption'.
lib/templates.ts(89,5): error TS2353: Object literal may only specify known properties, and 'thumbnail' does not exist in type 'ThemeOption'.
lib/templates.ts(95,5): error TS2353: Object literal may only specify known properties, and 'thumbnail' does not exist in type 'ThemeOption'.
lib/templates.ts(101,5): error TS2353: Object literal may only specify known properties, and 'thumbnail' does not exist in type 'ThemeOption'.
lib/templates.ts(107,5): error TS2353: Object literal may only specify known properties, and 'thumbnail' does not exist in type 'ThemeOption'.
lib/templates.ts(113,5): error TS2353: Object literal may only specify known properties, and 'thumbnail' does not exist in type 'ThemeOption'.
lib/templates.ts(119,5): error TS2353: Object literal may only specify known properties, and 'thumbnail' does not exist in type 'ThemeOption'.
lib/templates.ts(125,5): error TS2353: Object literal may only specify known properties, and 'thumbnail' does not exist in type 'ThemeOption'.
lib/templates.ts(133,5): error TS2353: Object literal may only specify known properties, and 'thumbnail' does not exist in type 'FontOption'.
lib/templates.ts(138,5): error TS2353: Object literal may only specify known properties, and 'thumbnail' does not exist in type 'FontOption'.
lib/templates.ts(143,5): error TS2353: Object literal may only specify known properties, and 'thumbnail' does not exist in type 'FontOption'.
lib/templates.ts(148,5): error TS2353: Object literal may only specify known properties, and 'thumbnail' does not exist in type 'FontOption'.
lib/templates.ts(153,5): error TS2353: Object literal may only specify known properties, and 'thumbnail' does not exist in type 'FontOption'.
lib/templates.ts(158,5): error TS2353: Object literal may only specify known properties, and 'thumbnail' does not exist in type 'FontOption'.
lib/templates.ts(163,5): error TS2353: Object literal may only specify known properties, and 'thumbnail' does not exist in type 'FontOption'.
lib/templates.ts(168,5): error TS2353: Object literal may only specify known properties, and 'thumbnail' does not exist in type 'FontOption'.
lib/templates.ts(173,5): error TS2353: Object literal may only specify known properties, and 'thumbnail' does not exist in type 'FontOption'.
lib/templates.ts(178,5): error TS2353: Object literal may only specify known properties, and 'thumbnail' does not exist in type 'FontOption'.
lib/templates.ts(186,5): error TS2353: Object literal may only specify known properties, and 'thumbnail' does not exist in type 'SpacingOption'.
lib/templates.ts(191,5): error TS2353: Object literal may only specify known properties, and 'thumbnail' does not exist in type 'SpacingOption'.
lib/templates.ts(196,5): error TS2353: Object literal may only specify known properties, and 'thumbnail' does not exist in type 'SpacingOption'.
lib/templates.ts(201,5): error TS2353: Object literal may only specify known properties, and 'thumbnail' does not exist in type 'SpacingOption'.
lib/templates.ts(206,5): error TS2353: Object literal may only specify known properties, and 'thumbnail' does not exist in type 'SpacingOption'.
lib/templates.ts(211,5): error TS2353: Object literal may only specify known properties, and 'thumbnail' does not exist in type 'SpacingOption'.
lib/templates.ts(219,5): error TS2353: Object literal may only specify known properties, and 'thumbnail' does not exist in type 'FontSizeOption'.
lib/templates.ts(224,5): error TS2353: Object literal may only specify known properties, and 'thumbnail' does not exist in type 'FontSizeOption'.
lib/templates.ts(229,5): error TS2353: Object literal may only specify known properties, and 'thumbnail' does not exist in type 'FontSizeOption'.
lib/templates.ts(234,5): error TS2353: Object literal may only specify known properties, and 'thumbnail' does not exist in type 'FontSizeOption'.
lib/templates.ts(239,5): error TS2353: Object literal may only specify known properties, and 'thumbnail' does not exist in type 'FontSizeOption'.
